wood-00-opening.png                {"at":[4,22],"spread":71.1,"meanL":35.3,"chroma":14.8,"warmth":0.11,"music":"theme","amb":"forest"}
wood-01-route1.png                 {"at":[36,22],"spread":61.8,"meanL":43.4,"chroma":20,"warmth":0.27,"music":"theme","amb":"forest"}
wood-02-route2.png                 {"at":[85,20],"spread":62.8,"meanL":46.8,"chroma":21.7,"warmth":0.06,"music":"theme","amb":"forest"}
wood-03-route3.png                 {"at":[137,22],"spread":65.7,"meanL":44.5,"chroma":18.6,"warmth":0.14,"music":"theme","amb":"forest"}
wood-04-route4.png                 {"at":[191,22],"spread":62.9,"meanL":42.6,"chroma":18.6,"warmth":0.17,"music":"theme","amb":"forest"}
wood-05-route5.png                 {"at":[244,21],"spread":27.4,"meanL":29.3,"chroma":17.4,"warmth":0.82,"music":"theme","amb":"hall"}
wood-06-route6.png                 {"at":[289,12],"spread":65.7,"meanL":42.9,"chroma":18.9,"warmth":0.2,"music":"theme","amb":"forest"}
wood-07-route7.png                 {"at":[341,12],"spread":60.3,"meanL":35.8,"chroma":18.6,"warmth":0.23,"music":"theme","amb":"forest"}
wood-08-route8.png                 {"at":[396,15],"spread":43.9,"meanL":34.3,"chroma":20.5,"warmth":0.37,"music":"theme","amb":"water"}
wood-09-route9.png                 {"at":[443,22],"spread":7.9,"meanL":7.7,"chroma":6.1,"warmth":-0.04,"music":"theme","amb":"water"}
wood-10-route10.png                {"at":[494,5],"spread":36.6,"meanL":34.4,"chroma":20.7,"warmth":0.52,"music":"theme","amb":"forest"}
wood-11-boss.png                   {"at":[526,9],"spread":25.8,"meanL":30.7,"chroma":20.2,"warmth":0.84,"music":"boss","amb":"hive"}
wood-12-kill.png                   {"at":[526,9],"spread":38.8,"meanL":32.9,"chroma":23.5,"warmth":0.74,"music":"theme","amb":"hive"}
wood-13-after.png                  {"at":[526,9],"spread":14.2,"meanL":14,"chroma":8.9,"warmth":0.11,"music":"theme","amb":"hive"}
marsh-00-opening.png               {"at":[4,22],"spread":60.7,"meanL":33,"chroma":8.2,"warmth":-0.07,"music":"theme2","amb":"rain"}
marsh-01-route1.png                {"at":[4,22],"spread":55.2,"meanL":41.9,"chroma":9.6,"warmth":-0.09,"music":"theme2","amb":"rain"}
marsh-02-route2.png                {"at":[75,16],"spread":54.6,"meanL":40.2,"chroma":9.8,"warmth":-0.32,"music":"theme2","amb":"rain"}
marsh-03-route3.png                {"at":[118,19],"spread":49,"meanL":35.9,"chroma":10.9,"warmth":-0.07,"music":"theme2","amb":"rain"}
marsh-04-route4.png                {"at":[166,18],"spread":54.5,"meanL":39.5,"chroma":11.8,"warmth":-0.42,"music":"theme2","amb":"rain"}
marsh-05-route5.png                {"at":[212,18],"spread":54.8,"meanL":39,"chroma":10,"warmth":-0.12,"music":"theme2","amb":"rain"}
marsh-06-route6.png                {"at":[257,19],"spread":56.9,"meanL":34.9,"chroma":14.8,"warmth":-0.76,"music":"theme2","amb":"rain"}
marsh-07-route7.png                {"at":[302,19],"spread":56.7,"meanL":35.7,"chroma":12.4,"warmth":-0.51,"music":"theme2","amb":"rain"}
marsh-08-route8.png                {"at":[346,16],"spread":51.6,"meanL":56.9,"chroma":10.6,"warmth":-0.67,"music":"theme2","amb":"rain"}
marsh-09-route9.png                {"at":[392,18],"spread":57.1,"meanL":38.3,"chroma":12.3,"warmth":-0.45,"music":"theme2","amb":"rain"}
marsh-10-route10.png               {"at":[439,18],"spread":54.8,"meanL":40.6,"chroma":9.7,"warmth":-0.16,"music":"theme2","amb":"rain"}
marsh-11-boss.png                  {"at":[467,19],"spread":58.4,"meanL":37.9,"chroma":11.9,"warmth":-0.2,"music":"frogking","amb":"rain"}
marsh-12-kill.png                  {"at":[467,19],"spread":55,"meanL":37,"chroma":10.7,"warmth":-0.09,"music":"theme2","amb":"rain"}
marsh-13-after.png                 {"at":[467,19],"spread":18.7,"meanL":14.5,"chroma":8.4,"warmth":-0.08,"music":"theme2","amb":"rain"}
stockade-00-opening.png            {"at":[4,20],"spread":17.5,"meanL":15.5,"chroma":7.5,"warmth":-0.12,"music":"stockade","amb":"forest"}
stockade-01-route1.png             {"at":[34,20],"spread":23,"meanL":17.9,"chroma":9,"warmth":0.05,"music":"stockade","amb":"forest"}
stockade-02-route2.png             {"at":[82,20],"spread":23.9,"meanL":18.2,"chroma":9,"warmth":0.13,"music":"stockade","amb":"forest"}
stockade-03-route3.png             {"at":[126,23],"spread":26.8,"meanL":19.9,"chroma":10.2,"warmth":-0.02,"music":"stockade","amb":"forest"}
stockade-04-route4.png             {"at":[168,17],"spread":30.3,"meanL":19.7,"chroma":10.3,"warmth":-0.08,"music":"stockade","amb":"forest"}
stockade-05-route5.png             {"at":[216,20],"spread":45.3,"meanL":23.2,"chroma":10.3,"warmth":0.26,"music":"stockade","amb":"forest"}
stockade-06-route6.png             {"at":[265,20],"spread":27.5,"meanL":20.1,"chroma":9.5,"warmth":0.24,"music":"stockade","amb":"forest"}
stockade-07-route7.png             {"at":[306,20],"spread":38.3,"meanL":22.2,"chroma":10.1,"warmth":0.29,"music":"stockade","amb":"forest"}
stockade-08-route8.png             {"at":[356,25],"spread":27.3,"meanL":20.6,"chroma":6.9,"warmth":0.26,"music":"stockade","amb":"forest"}
stockade-09-route9.png             {"at":[394,12],"spread":20.5,"meanL":16.6,"chroma":10.3,"warmth":-0.19,"music":"stockade","amb":"forest"}
stockade-10-route10.png            {"at":[440,12],"spread":23.3,"meanL":17.2,"chroma":11.2,"warmth":-0.18,"music":"stockade","amb":"forest"}
stockade-11-boss.png               {"at":[464,20],"spread":26.6,"meanL":19.9,"chroma":11.1,"warmth":0.37,"music":"boss2","amb":"forest"}
stockade-12-kill.png               {"at":[464,20],"spread":34,"meanL":24.5,"chroma":17.3,"warmth":0.4,"music":"stockade","amb":"forest"}
stockade-13-after.png              {"at":[464,20],"spread":28.5,"meanL":23.3,"chroma":17.9,"warmth":0.62,"music":"stockade","amb":"forest"}
burning-00-opening.png             {"at":[4,26],"spread":22.5,"meanL":15.9,"chroma":8.4,"warmth":0.16,"music":"quarry","amb":"forest"}
burning-01-route1.png              {"at":[33,26],"spread":27.5,"meanL":14.7,"chroma":8.6,"warmth":0.25,"music":"quarry","amb":"forest"}
burning-02-route2.png              {"at":[75,26],"spread":25.9,"meanL":15.2,"chroma":8.9,"warmth":0.3,"music":"quarry","amb":"forest"}
burning-03-route3.png              {"at":[123,26],"spread":28.9,"meanL":15,"chroma":8.6,"warmth":0.24,"music":"quarry","amb":"forest"}
burning-04-route4.png              {"at":[171,26],"spread":30.1,"meanL":16.2,"chroma":9.2,"warmth":0.31,"music":"quarry","amb":"forest"}
burning-05-route5.png              {"at":[213,17],"spread":35,"meanL":20,"chroma":13.4,"warmth":0.64,"music":"quarry","amb":"forest"}
burning-06-route6.png              {"at":[255,11],"spread":34.1,"meanL":21.2,"chroma":21,"warmth":0.65,"music":"quarry","amb":"forest"}
burning-07-route7.png              {"at":[301,14],"spread":39.2,"meanL":22.3,"chroma":20.7,"warmth":0.61,"music":"quarry","amb":"forest"}
burning-08-route8.png              {"at":[346,26],"spread":25.5,"meanL":14.8,"chroma":8.2,"warmth":0.46,"music":"quarry","amb":"hall"}
burning-09-route9.png              {"at":[388,26],"spread":33.2,"meanL":16,"chroma":8.2,"warmth":0.27,"music":"quarry","amb":"hall"}
burning-10-route10.png             {"at":[436,26],"spread":26.9,"meanL":15.6,"chroma":8.8,"warmth":0.28,"music":"quarry","amb":"forest"}
burning-11-boss.png                {"at":[462,24],"spread":27.9,"meanL":18.5,"chroma":12.2,"warmth":0.8,"music":"hilltroll","amb":"forest"}
burning-12-kill.png                {"at":[462,24],"spread":25.5,"meanL":15.1,"chroma":8.9,"warmth":0.43,"music":"quarry","amb":"forest"}
burning-13-after.png               {"at":[462,24],"spread":15.6,"meanL":12.7,"chroma":8.4,"warmth":-0.01,"music":"quarry","amb":"forest"}
spore-00-opening.png               {"at":[4,20],"spread":22.8,"meanL":18.5,"chroma":10.6,"warmth":0.23,"music":"cave","amb":"drip"}
spore-01-route1.png                {"at":[36,20],"spread":22.9,"meanL":21.2,"chroma":11.5,"warmth":0.26,"music":"cave","amb":"drip"}
spore-02-route2.png                {"at":[80,12],"spread":30.1,"meanL":22.9,"chroma":11.2,"warmth":0.29,"music":"cave","amb":"drip"}
spore-03-route3.png                {"at":[128,4],"spread":23.4,"meanL":23.2,"chroma":11.6,"warmth":0.26,"music":"cave","amb":"drip"}
spore-04-route4.png                {"at":[176,14],"spread":23.1,"meanL":22.9,"chroma":13.6,"warmth":0.31,"music":"cave","amb":"drip"}
spore-05-route5.png                {"at":[226,14],"spread":41.5,"meanL":23,"chroma":12.5,"warmth":0.2,"music":"cave","amb":"drip"}
spore-06-route6.png                {"at":[275,6],"spread":22.8,"meanL":22.8,"chroma":12.5,"warmth":0.33,"music":"cave","amb":"drip"}
spore-07-route7.png                {"at":[323,14],"spread":31.1,"meanL":24.7,"chroma":12.7,"warmth":0.2,"music":"cave","amb":"drip"}
spore-08-route8.png                {"at":[378,17],"spread":23.1,"meanL":23,"chroma":14.9,"warmth":0.22,"music":"cave","amb":"drip"}
spore-09-route9.png                {"at":[423,14],"spread":25.8,"meanL":22.4,"chroma":13.8,"warmth":0.31,"music":"cave","amb":"drip"}
spore-10-route10.png               {"at":[471,14],"spread":20.4,"meanL":22.5,"chroma":21.4,"warmth":0.39,"music":"cave","amb":"drip"}
spore-11-boss.png                  {"at":[494,20],"spread":21.2,"meanL":24.2,"chroma":22.1,"warmth":0.33,"music":"sporemother","amb":"drip"}
spore-12-kill.png                  {"at":[494,20],"spread":21.2,"meanL":24.2,"chroma":22.1,"warmth":0.33,"music":"sporemother","amb":"drip"}
spore-13-after.png                 {"at":[494,20],"spread":21.4,"meanL":24.3,"chroma":22.1,"warmth":0.33,"music":"sporemother","amb":"drip"}
kings-00-opening.png               {"at":[4,20],"spread":32.9,"meanL":22.6,"chroma":17.5,"warmth":0.78,"music":"theme3","amb":"forest"}
kings-01-route1.png                {"at":[36,20],"spread":34.7,"meanL":25.8,"chroma":23.2,"warmth":0.86,"music":"theme3","amb":"forest"}
kings-02-route2.png                {"at":[97,12],"spread":38.7,"meanL":36.6,"chroma":30.5,"warmth":0.73,"music":"theme3","amb":"forest"}
kings-03-route3.png                {"at":[157,13],"spread":36.1,"meanL":27.5,"chroma":24.5,"warmth":0.87,"music":"theme3","amb":"forest"}
kings-04-route4.png                {"at":[218,14],"spread":39.3,"meanL":28.4,"chroma":24.4,"warmth":0.87,"music":"theme3","amb":"forest"}
kings-05-route5.png                {"at":[272,12],"spread":34.9,"meanL":34.2,"chroma":30,"warmth":0.77,"music":"theme3","amb":"forest"}
kings-06-route6.png                {"at":[334,14],"spread":40.4,"meanL":35,"chroma":27.3,"warmth":0.73,"music":"theme3","amb":"forest"}
kings-07-route7.png                {"at":[395,14],"spread":34.1,"meanL":25.7,"chroma":23.8,"warmth":0.87,"music":"theme3","amb":"forest"}
kings-08-route8.png                {"at":[455,12],"spread":35.5,"meanL":27.3,"chroma":25.3,"warmth":0.87,"music":"theme3","amb":"forest"}
kings-09-route9.png                {"at":[520,14],"spread":39.2,"meanL":31.7,"chroma":20.1,"warmth":0.84,"music":"theme3","amb":"forest"}
kings-10-route10.png               {"at":[574,14],"spread":35.8,"meanL":27.3,"chroma":23.8,"warmth":0.87,"music":"theme3","amb":"forest"}
kings-11-mini.png                  {"at":[224,14],"spread":43.5,"meanL":28.9,"chroma":24.4,"warmth":0.84,"music":"boss","amb":"forest"}
kings-12-boss.png                  {"at":[610,14],"spread":29.9,"meanL":27,"chroma":25.8,"warmth":0.96,"music":"king","amb":"forest"}
kings-13-kill.png                  {"at":[610,14],"spread":37.1,"meanL":30.8,"chroma":23.1,"warmth":0.87,"music":"theme3","amb":"forest"}
kings-14-after.png                 {"at":[610,14],"spread":14.9,"meanL":13.5,"chroma":9,"warmth":0.1,"music":"theme3","amb":"forest"}
underleaf-00-opening.png           {"at":[4,34],"spread":19.1,"meanL":15.2,"chroma":10.4,"warmth":0.01,"music":"sleepers","amb":"forest"}
underleaf-01-route1.png            {"at":[29,34],"spread":25.4,"meanL":17.2,"chroma":9.9,"warmth":0.29,"music":"sleepers","amb":"forest"}
underleaf-02-route2.png            {"at":[77,34],"spread":22,"meanL":16.8,"chroma":11.8,"warmth":0.19,"music":"sleepers","amb":"forest"}
underleaf-03-route3.png            {"at":[124,34],"spread":28.1,"meanL":17.6,"chroma":9.8,"warmth":0.31,"music":"sleepers","amb":"forest"}
underleaf-04-route4.png            {"at":[172,34],"spread":26.9,"meanL":17.5,"chroma":10.2,"warmth":0.32,"music":"sleepers","amb":"forest"}
underleaf-05-route5.png            {"at":[220,34],"spread":23.6,"meanL":15.6,"chroma":9.7,"warmth":0.31,"music":"sleepers","amb":"forest"}
underleaf-06-route6.png            {"at":[262,34],"spread":21.4,"meanL":16.6,"chroma":11.6,"warmth":0.17,"music":"sleepers","amb":"forest"}
underleaf-07-route7.png            {"at":[310,34],"spread":22.6,"meanL":16.5,"chroma":10,"warmth":0.27,"music":"sleepers","amb":"forest"}
underleaf-08-route8.png            {"at":[358,34],"spread":27.5,"meanL":17.6,"chroma":9.9,"warmth":0.34,"music":"sleepers","amb":"forest"}
underleaf-09-route9.png            {"at":[406,34],"spread":21.9,"meanL":16.5,"chroma":12,"warmth":0.18,"music":"sleepers","amb":"forest"}
underleaf-10-route10.png           {"at":[453,34],"spread":27.6,"meanL":18.3,"chroma":10.4,"warmth":0.33,"music":"sleepers","amb":"forest"}
underleaf-11-boss.png              {"at":[482,34],"spread":18.1,"meanL":18.2,"chroma":19,"warmth":0.25,"music":"grandmother","amb":"forest"}
underleaf-12-kill.png              {"at":[482,34],"spread":19.6,"meanL":18.6,"chroma":19.8,"warmth":0.27,"music":"sleepers","amb":"forest"}
underleaf-13-after.png             {"at":[482,34],"spread":13.6,"meanL":12.8,"chroma":9,"warmth":-0.08,"music":"sleepers","amb":"forest"}
scree-00-opening.png               {"at":[4,20],"spread":38.2,"meanL":28.5,"chroma":15,"warmth":0.62,"music":"theme4","amb":"wind"}
scree-01-route1.png                {"at":[36,20],"spread":31.9,"meanL":34.3,"chroma":17.1,"warmth":0.73,"music":"theme4","amb":"wind"}
scree-02-route2.png                {"at":[83,20],"spread":32.4,"meanL":34.3,"chroma":16.7,"warmth":0.72,"music":"theme4","amb":"wind"}
scree-03-route3.png                {"at":[135,16],"spread":34.3,"meanL":35.3,"chroma":17.7,"warmth":0.74,"music":"theme4","amb":"wind"}
scree-04-route4.png                {"at":[189,13],"spread":46.2,"meanL":33.1,"chroma":16.6,"warmth":0.63,"music":"theme4","amb":"wind"}
scree-05-route5.png                {"at":[238,4],"spread":50.8,"meanL":43.1,"chroma":30.6,"warmth":0.75,"music":"theme4","amb":"wind"}
scree-06-route6.png                {"at":[288,15],"spread":36,"meanL":35.1,"chroma":18.3,"warmth":0.68,"music":"theme4","amb":"wind"}
scree-07-route7.png                {"at":[339,19],"spread":35.3,"meanL":32.4,"chroma":19,"warmth":0.71,"music":"theme4","amb":"wind"}
scree-08-route8.png                {"at":[389,26],"spread":34.2,"meanL":33,"chroma":17.4,"warmth":0.76,"music":"theme4","amb":"wind"}
scree-09-route9.png                {"at":[429,13],"spread":32.8,"meanL":31.5,"chroma":13.1,"warmth":0.76,"music":"theme4","amb":"wind"}
scree-10-route10.png               {"at":[480,9],"spread":31.3,"meanL":34.8,"chroma":17.7,"warmth":0.73,"music":"theme4","amb":"wind"}
scree-11-boss.png                  {"at":[507,9],"spread":34.3,"meanL":32.5,"chroma":15.8,"warmth":0.7,"music":"ramlord","amb":"wind"}
scree-12-kill.png                  {"at":[507,9],"spread":33.8,"meanL":34.7,"chroma":17.1,"warmth":0.72,"music":"theme4","amb":"wind"}
scree-13-after.png                 {"at":[507,9],"spread":14.7,"meanL":14.9,"chroma":9,"warmth":0.07,"music":"theme4","amb":"wind"}
hanging-00-opening.png             {"at":[4,108],"spread":24.3,"meanL":20.9,"chroma":5.5,"warmth":0.05,"music":"town","amb":"wind"}
hanging-01-route1.png              {"at":[33,108],"spread":18.6,"meanL":23.1,"chroma":4.8,"warmth":0.08,"music":"town","amb":"wind"}
hanging-02-route2.png              {"at":[36,94],"spread":31.4,"meanL":28.6,"chroma":12.5,"warmth":0.81,"music":"town","amb":"wind"}
hanging-03-route3.png              {"at":[18,80],"spread":40.6,"meanL":36.1,"chroma":12.4,"warmth":0.81,"music":"town","amb":"wind"}
hanging-04-route4.png              {"at":[72,80],"spread":39,"meanL":34.6,"chroma":11.8,"warmth":0.8,"music":"town","amb":"wind"}
hanging-05-route5.png              {"at":[100,66],"spread":42.8,"meanL":38,"chroma":8.8,"warmth":0.82,"music":"town","amb":"wind"}
hanging-06-route6.png              {"at":[45,66],"spread":45.8,"meanL":37.8,"chroma":8.2,"warmth":0.8,"music":"town","amb":"wind"}
hanging-07-route7.png              {"at":[63,52],"spread":25.1,"meanL":28.8,"chroma":7.5,"warmth":0.64,"music":"town","amb":"wind"}
hanging-08-route8.png              {"at":[99,38],"spread":15.5,"meanL":20.1,"chroma":9.1,"warmth":0.2,"music":"town","amb":"wind"}
hanging-09-route9.png              {"at":[51,38],"spread":32.2,"meanL":23.5,"chroma":8.9,"warmth":0.19,"music":"town","amb":"wind"}
hanging-10-route10.png             {"at":[4,31],"spread":12.2,"meanL":19.5,"chroma":7.5,"warmth":0.21,"music":"town","amb":"wind"}
hanging-11-mini.png                {"at":[39,129],"spread":14.6,"meanL":18.5,"chroma":11.2,"warmth":0.8,"music":"boss","amb":"hall"}
hanging-12-boss.png                {"at":[25,20],"spread":46.2,"meanL":40.9,"chroma":11.2,"warmth":0.2,"music":"owlreeve","amb":"wind"}
hanging-13-kill.png                {"at":[25,20],"spread":59.8,"meanL":42.5,"chroma":12.6,"warmth":0.19,"music":"town","amb":"wind"}
hanging-14-after.png               {"at":[25,20],"spread":18.7,"meanL":15.1,"chroma":8.9,"warmth":-0.12,"music":"town","amb":"wind"}
shopCrag-00-opening.png            {"at":[5,20],"spread":17.2,"meanL":14.6,"chroma":9.9,"warmth":-0.26,"music":"store","amb":"hall"}
shopCrag-01-inside.png             {"at":[5,20],"spread":17.6,"meanL":15.2,"chroma":10.5,"warmth":-0.15,"music":"store","amb":"hall"}
spire-00-opening.png               {"at":[5,218],"spread":44,"meanL":24.7,"chroma":6.2,"warmth":0.06,"music":"sunspire","amb":"wind"}
spire-01-route1.png                {"at":[34,218],"spread":46.1,"meanL":41.5,"chroma":10,"warmth":-0.09,"music":"sunspire","amb":"wind"}
spire-02-route2.png                {"at":[78,186],"spread":29.6,"meanL":34.8,"chroma":4.1,"warmth":0.13,"music":"sunspire","amb":"wind"}
spire-03-route3.png                {"at":[50,169],"spread":33.7,"meanL":32.9,"chroma":7,"warmth":0.48,"music":"sunspire","amb":"hall"}
spire-04-route4.png                {"at":[51,137],"spread":42.5,"meanL":38.2,"chroma":6.7,"warmth":0.24,"music":"sunspire","amb":"hall"}
spire-05-route5.png                {"at":[13,124],"spread":58.1,"meanL":46.5,"chroma":12.3,"warmth":-0.37,"music":"sunspire","amb":"hall"}
spire-06-route6.png                {"at":[60,118],"spread":48.1,"meanL":44.1,"chroma":8.9,"warmth":-0.15,"music":"sunspire","amb":"wind"}
spire-07-route7.png                {"at":[84,100],"spread":58.9,"meanL":38.6,"chroma":5.5,"warmth":0.2,"music":"sunspire","amb":"wind"}
spire-08-route8.png                {"at":[31,100],"spread":45.5,"meanL":38.9,"chroma":5.3,"warmth":0.27,"music":"sunspire","amb":"wind"}
spire-09-route9.png                {"at":[55,74],"spread":64.3,"meanL":55.5,"chroma":11,"warmth":-0.36,"music":"sunspire","amb":"wind"}
spire-10-route10.png               {"at":[76,51],"spread":58.1,"meanL":56.3,"chroma":15.2,"warmth":-0.49,"music":"sunspire","amb":"wind"}
spire-11-mini.png                  {"at":[38,56],"spread":44.9,"meanL":37.4,"chroma":6.1,"warmth":0.36,"music":"boss","amb":"hall"}
spire-12-boss.png                  {"at":[44,30],"spread":60,"meanL":50.2,"chroma":14.9,"warmth":-0.22,"music":"roc","amb":"wind"}
spire-13-kill.png                  {"at":[44,30],"spread":55.6,"meanL":49,"chroma":15.2,"warmth":-0.3,"music":"sunspire","amb":"wind"}
spire-14-after.png                 {"at":[44,30],"spread":23.5,"meanL":16.4,"chroma":9,"warmth":-0.19,"music":"sunspire","amb":"wind"}
moor-00-opening.png                {"at":[4,22],"spread":33.3,"meanL":24.6,"chroma":12.2,"warmth":0.52,"music":"adventure","amb":"wind"}
moor-01-route1.png                 {"at":[47,22],"spread":33.1,"meanL":33.3,"chroma":16,"warmth":0.58,"music":"adventure","amb":"wind"}
moor-02-route2.png                 {"at":[113,22],"spread":37.6,"meanL":31,"chroma":13.4,"warmth":0.68,"music":"adventure","amb":"wind"}
moor-03-route3.png                 {"at":[181,22],"spread":38.2,"meanL":31.4,"chroma":14,"warmth":0.7,"music":"adventure","amb":"wind"}
moor-04-route4.png                 {"at":[250,24],"spread":31.9,"meanL":27.7,"chroma":12.3,"warmth":0.68,"music":"adventure","amb":"wind"}
moor-05-route5.png                 {"at":[316,14],"spread":39.5,"meanL":33.7,"chroma":21.4,"warmth":0.72,"music":"adventure","amb":"wind"}
moor-06-route6.png                 {"at":[380,22],"spread":36.7,"meanL":28.8,"chroma":13.2,"warmth":0.69,"music":"adventure","amb":"wind"}
moor-07-route7.png                 {"at":[439,24],"spread":33.5,"meanL":26.6,"chroma":11.4,"warmth":0.57,"music":"adventure","amb":"wind"}
moor-08-route8.png                 {"at":[505,14],"spread":36.7,"meanL":30.4,"chroma":13.4,"warmth":0.74,"music":"adventure","amb":"wind"}
moor-09-route9.png                 {"at":[576,13],"spread":38.2,"meanL":37,"chroma":21.9,"warmth":0.65,"music":"adventure","amb":"wind"}
moor-10-route10.png                {"at":[626,10],"spread":41.3,"meanL":36.7,"chroma":22.1,"warmth":0.61,"music":"adventure","amb":"wind"}
moor-11-boss.png                   {"at":[667,13],"spread":31.7,"meanL":31.6,"chroma":18,"warmth":0.58,"music":"musMountain","amb":"wind"}
moor-12-kill.png                   {"at":[667,13],"spread":36.8,"meanL":31.1,"chroma":13.7,"warmth":0.68,"music":"adventure","amb":"wind"}
moor-13-after.png                  {"at":[667,13],"spread":17.7,"meanL":13.9,"chroma":8.9,"warmth":-0.02,"music":"adventure","amb":"wind"}
oreroad-00-opening.png             {"at":[4,37],"spread":25.6,"meanL":15,"chroma":5.3,"warmth":-0.09,"music":"oreroad","amb":"cave"}
oreroad-01-route1.png              {"at":[30,35],"spread":17.2,"meanL":11.1,"chroma":4.2,"warmth":0.04,"music":"oreroad","amb":"cave"}
oreroad-02-route2.png              {"at":[139,37],"spread":19.2,"meanL":12.1,"chroma":4.8,"warmth":0.07,"music":"oreroad","amb":"cave"}
oreroad-03-route3.png              {"at":[139,37],"spread":19,"meanL":12.2,"chroma":4.8,"warmth":0.07,"music":"oreroad","amb":"cave"}
oreroad-04-route4.png              {"at":[176,37],"spread":23,"meanL":13.7,"chroma":5,"warmth":0.06,"music":"oreroad","amb":"cave"}
oreroad-05-route5.png              {"at":[271,35],"spread":34.6,"meanL":17.7,"chroma":5.2,"warmth":-0.09,"music":"oreroad","amb":"cave"}
oreroad-06-route6.png              {"at":[271,35],"spread":34.6,"meanL":17.7,"chroma":5.1,"warmth":-0.09,"music":"oreroad","amb":"cave"}
oreroad-07-route7.png              {"at":[323,33],"spread":21.3,"meanL":12.8,"chroma":4.3,"warmth":-0.01,"music":"oreroad","amb":"cave"}
oreroad-08-route8.png              {"at":[411,13],"spread":27.1,"meanL":15,"chroma":4.8,"warmth":-0.01,"music":"oreroad","amb":"cave"}
oreroad-09-route9.png              {"at":[411,13],"spread":27.2,"meanL":15,"chroma":4.9,"warmth":-0.01,"music":"oreroad","amb":"cave"}
oreroad-10-route10.png             {"at":[456,13],"spread":35,"meanL":17.4,"chroma":5.4,"warmth":-0.03,"music":"oreroad","amb":"cave"}
oreroad-11-boss.png                {"at":[483,13],"spread":13.9,"meanL":11.2,"chroma":4.2,"warmth":0.09,"music":"boss3","amb":"cave"}
oreroad-12-kill.png                {"at":[483,13],"spread":12.5,"meanL":10,"chroma":4.1,"warmth":0.07,"music":"oreroad","amb":"cave"}
oreroad-13-after.png               {"at":[483,13],"spread":16.3,"meanL":12.4,"chroma":8.4,"warmth":-0.04,"music":"oreroad","amb":"cave"}
storm-00-opening.png               {"at":[4,34],"spread":20.2,"meanL":19,"chroma":8.7,"warmth":-0.13,"music":"stormhold","amb":"wind"}
storm-01-route1.png                {"at":[23,34],"spread":19.9,"meanL":22.4,"chroma":9.5,"warmth":-0.02,"music":"stormhold","amb":"wind"}
storm-02-route2.png                {"at":[53,34],"spread":19.7,"meanL":20.5,"chroma":8.7,"warmth":0.02,"music":"stormhold","amb":"wind"}
storm-03-route3.png                {"at":[83,34],"spread":17.7,"meanL":21.9,"chroma":10.3,"warmth":-0.09,"music":"stormhold","amb":"wind"}
storm-04-route4.png                {"at":[109,32],"spread":33.9,"meanL":21.5,"chroma":8.1,"warmth":0.08,"music":"stormhold","amb":"wind"}
storm-05-route5.png                {"at":[139,32],"spread":24.8,"meanL":20.1,"chroma":7.9,"warmth":0.04,"music":"stormhold","amb":"wind"}
storm-06-route6.png                {"at":[171,30],"spread":24.6,"meanL":23.3,"chroma":12.3,"warmth":-0.02,"music":"stormhold","amb":"wind"}
storm-07-route7.png                {"at":[200,32],"spread":19.4,"meanL":21,"chroma":8.5,"warmth":-0.02,"music":"stormhold","amb":"wind"}
storm-08-route8.png                {"at":[230,30],"spread":21.2,"meanL":20,"chroma":8.2,"warmth":0.09,"music":"stormhold","amb":"wind"}
storm-09-route9.png                {"at":[260,41],"spread":16.7,"meanL":19.7,"chroma":11.5,"warmth":-0.17,"music":"stormhold","amb":"wind"}
storm-10-route10.png               {"at":[290,30],"spread":21.8,"meanL":22.1,"chroma":10,"warmth":-0.05,"music":"stormhold","amb":"wind"}
storm-11-boss.png                  {"at":[312,30],"spread":16,"meanL":23,"chroma":12.3,"warmth":-0.12,"music":"musCastle","amb":"wind"}
storm-12-kill.png                  {"at":[312,30],"spread":40.3,"meanL":24.8,"chroma":11.6,"warmth":-0.03,"music":"stormhold","amb":"wind"}
storm-13-after.png                 {"at":[312,30],"spread":14.5,"meanL":13.2,"chroma":8.9,"warmth":-0.12,"music":"stormhold","amb":"wind"}
crown-00-opening.png               {"at":[13,96],"spread":25.4,"meanL":17.3,"chroma":9,"warmth":-0.27,"music":"highcrown","amb":"wind"}
crown-01-route1.png                {"at":[16,84],"spread":19.9,"meanL":17.9,"chroma":10.9,"warmth":-0.08,"music":"highcrown","amb":"wind"}
crown-02-route2.png                {"at":[97,72],"spread":22.7,"meanL":18.9,"chroma":11,"warmth":0.03,"music":"highcrown","amb":"wind"}
crown-03-route3.png                {"at":[217,64],"spread":24.7,"meanL":20.9,"chroma":11,"warmth":0.03,"music":"highcrown","amb":"wind"}
crown-04-route4.png                {"at":[337,62],"spread":22.1,"meanL":20.8,"chroma":10.8,"warmth":-0.15,"music":"highcrown","amb":"wind"}
crown-05-route5.png                {"at":[425,40],"spread":19,"meanL":20.8,"chroma":12.8,"warmth":0.1,"music":"highcrown","amb":"wind"}
crown-06-route6.png                {"at":[531,64],"spread":34.4,"meanL":20.4,"chroma":9,"warmth":-0.14,"music":"boss","amb":"hall"}
crown-07-route7.png                {"at":[648,60],"spread":29.3,"meanL":18.2,"chroma":11.6,"warmth":0.55,"music":"highcrown","amb":"forest"}
crown-08-route8.png                {"at":[740,52],"spread":26.4,"meanL":14.2,"chroma":8.2,"warmth":0.24,"music":"highcrown","amb":"hall"}
crown-09-route9.png                {"at":[746,40],"spread":26.4,"meanL":16.1,"chroma":9.5,"warmth":0.5,"music":"highcrown","amb":"hall"}
crown-10-route10.png               {"at":[842,26],"spread":37.6,"meanL":19.9,"chroma":9.5,"warmth":0.17,"music":"highcrown","amb":"hall"}
crown-11-mini.png                  {"at":[522,64],"spread":26.9,"meanL":18.9,"chroma":9.2,"warmth":-0.03,"music":"boss","amb":"hall"}
crown-12-boss.png                  {"at":[910,20],"spread":21.2,"meanL":16.2,"chroma":13,"warmth":0.15,"music":"queen","amb":"hall"}
crown-13-kill.png                  {"at":[910,20],"spread":42.9,"meanL":71.3,"chroma":2.7,"warmth":0.03,"music":"highcrown","amb":"hall"}
crown-14-after.png                 {"at":[910,20],"spread":15.6,"meanL":12.9,"chroma":8.4,"warmth":-0.03,"music":"highcrown","amb":"hall"}
errors []
