death 135.7 2 {"arm1":251,"crate":116,"look":66,"glance":2,"bell":57,"arm2":90,"pin":84,"arm3":35,"eye":113,"ward":41,"shut":7,"spear":29} [39.220000000000766,81.63300000000487] {"ramps":1,"eyes":2,"rampT":7.579999999999883,"bitten":1}
["t",0,1,942,"0:hid:57@574 1:hid:57@582 2:hid:57@594 3:hid:57@602",576]
["t",10,1,942,"0:idle:57@575 1:idle:57@581 2:idle:57@592 3:idle:57@602",591]
["t",20,1,853,"0:idle:57@573 1:idle:57@580 2:idle:20@593 3:stun:5@593",591]
["HEAL",29.1,2,20,39,"down","slamTell",-0.01,0]
["t",30,1,826,"0:idle:57@572 1:idle:57@582 2:down:17@588",592]
[32.5,1,"slam",16,595,384,1,1,0,"0:lower:57 1:down:57"]
["t",40,1,745,"0:idle:50@574",588]
["HEAL",46.2,0,50,54,"lower","stride",-0.01,0]
["t",50,1,745,"0:idle:54@575",589]
[59.2,1,"sweepTell",26,588,307,0,0,0,"0:idle:54"]
["t",60,1,745,"0:idle:54@572",589]
[64.3,1,"grabTell",8,584,384,0,0,0,"0:hold:54"]
["t",70,2,659,"",581]
["t",80,2,641,"4:lower:53@574 5:idle:53@601",577]
["t",90,2,608,"4:idle:20@573 5:idle:53@600",582]
["HEAL",93.3,4,20,53,"retreat","dive",-0.01,0]
["t",100,2,608,"4:hid:53@573 5:hid:53@602",581]
[101,2,"jet",38,578,374,0,0,0,"4:hid:53 5:hid:53"]
["t",110,2,515,"4:stun:53@578 5:stun:53@597",572]
["t",120,2,497,"4:stun:35@578 5:stun:53@597",576]
["HEAL",127.8,4,20,53,"slam","slamTell",-0.01,0]
["t",130,2,456,"4:down:38@581 5:down:42@578",582]
["HEAL",137.7,5,16,53,"hid","grabTell",-0.01,0]
["t",140,2,338,"5:hid:53@601",578]
[140.2,2,"jet",38,579,375,0,0,0,"5:hid:53"]
["t",150,3,330,"5:hid:53@601 6:rise:71@608 7:idle:35@582 8:idle:35@595",592]
["t",160,3,253,"5:hid:53@601 6:hid:29@609 7:idle:35@583",597]
[169.8,3,"hurlTell",42,597,341,0,0,0,"5:hid:53 6:hid:29 7:idle:35"]
["t",170,3,92,"5:hid:53@601 6:hid:29@609 7:idle:35@581",596]
["t",180,3,63,"5:hid:53@601 7:idle:35@580 9:idle:35@595",596]
[184.3,3,"roar",34,592,375,0,0,0,"5:hid:53 7:idle:35 9:idle:35"]
["t",190,3,63,"5:hid:53@601 7:idle:35@582 9:idle:35@592 10:spear:71@599",591]
[198.3,3,"roar",34,592,379,0,0,0,"5:hid:53 7:idle:35 9:idle:35 10:hid:71"]
["t",200,3,63,"5:hid:53@601 7:idle:35@583 9:idle:35@593 10:hid:71@609",592]
["t",210,3,21,"5:hid:53@601 7:idle:35@580 9:idle:35@595 10:hid:29@609",589]
["t",220,3,21,"5:hid:53@601 7:idle:35@581 9:idle:35@594 10:spear:29@597",590]
[226.2,3,"roar",29,592,375,0,0,0,"5:hid:53 7:idle:35 9:idle:35 10:hid:29"]
