causeway practiced knight s3 L20: win 134.5s left 0% taken 171 rt409 mis5 greed13
causeway practiced knight s1 L20: death 92.5s left 43% taken 265 rt414 mis8 greed4
causeway practiced knight s2 L20: win 125.8s left 0% taken 157 rt411 mis2 greed6
causeway practiced knight s6 L20: death 114.5s left 8% taken 265 rt405 mis2 greed14
causeway practiced knight s5 L20: win 119.2s left 0% taken 84 rt405 mis3 greed11
causeway practiced knight s4 L20: win 168.6s left 0% taken 134 rt414 mis3 greed10
causeway practiced warden s2 L20: death 152.3s left 12% taken 265 rt406 mis3 greed6
causeway practiced warden s1 L20: death 56.2s left 70% taken 265 rt424 mis4 greed4
causeway practiced warden s3 L20: win 131.9s left 0% taken 226 rt413 mis2 greed12
causeway practiced warden s5 L20: death 56s left 70% taken 265 rt405 mis2 greed5
causeway practiced warden s4 L20: death 116.4s left 30% taken 265 rt399 mis10 greed9
causeway practiced warden s6 L20: death 132.9s left 6% taken 265 rt414 mis4 greed10
causeway practiced pyro s2 L20: win 116.3s left 0% taken 142 rt402 mis7 greed11
causeway practiced pyro s1 L20: win 113.4s left 0% taken 154 rt416 mis4 greed11
causeway practiced pyro s3 L20: win 122.8s left 0% taken 177 rt411 mis6 greed10
causeway practiced pyro s4 L20: win 125.3s left 0% taken 109 rt401 mis5 greed11
causeway practiced pyro s6 L20: win 104.2s left 0% taken 71 rt393 mis7 greed11
causeway practiced pyro s5 L20: win 115.3s left 0% taken 86 rt417 mis6 greed10

BOSS RATES  profile human  (18 fights, 5 min)
row                 L  practiced kn/wa/py        band
causeway           20  4/6 1/6 6/6 = 61%         HIGH +1
