causeway practiced knight s2 L20: win 144.1s left 0% taken 215 rt411 mis6 greed8
causeway practiced knight s1 L20: death 118.2s left 2% taken 265 rt413 mis12 greed7
causeway practiced knight s3 L20: win 134.5s left 0% taken 171 rt409 mis5 greed13
causeway practiced knight s4 L20: win 168.6s left 0% taken 134 rt414 mis3 greed10
causeway practiced knight s6 L20: death 121.1s left 5% taken 265 rt412 mis6 greed11
causeway practiced knight s5 L20: win 119.2s left 0% taken 84 rt405 mis3 greed11
causeway practiced warden s1 L20: death 118.7s left 8% taken 265 rt413 mis6 greed11
causeway practiced warden s2 L20: death 152.3s left 12% taken 265 rt406 mis3 greed6
causeway practiced warden s3 L20: win 124.8s left 0% taken 150 rt407 mis2 greed10
causeway practiced warden s4 L20: death 107s left 4% taken 265 rt395 mis6 greed10
causeway practiced warden s5 L20: death 60.4s left 70% taken 265 rt398 mis3 greed6
causeway practiced warden s6 L20: death 151.9s left 8% taken 265 rt406 mis5 greed9
causeway practiced pyro s1 L20: win 113.4s left 0% taken 154 rt416 mis4 greed11
causeway practiced pyro s2 L20: win 140.5s left 0% taken 181 rt404 mis7 greed8
causeway practiced pyro s3 L20: win 134.4s left 0% taken 203 rt420 mis10 greed13
causeway practiced pyro s4 L20: win 125.3s left 0% taken 109 rt401 mis5 greed11
causeway practiced pyro s5 L20: win 115.3s left 0% taken 86 rt417 mis6 greed10
causeway practiced pyro s6 L20: win 104.2s left 0% taken 71 rt393 mis7 greed11

BOSS RATES  profile human  (18 fights, 4 min)
row                 L  practiced kn/wa/py        band
causeway           20  4/6 1/6 6/6 = 61%         HIGH +1
