causeway practiced knight s2 L20: win 125.8s left 0% taken 157 rt411 mis2 greed6
causeway practiced knight s3 L20: win 165.5s left 0% taken 206 rt408 mis3 greed8
causeway practiced knight s1 L20: death 104.4s left 3% taken 265 rt411 mis7 greed9
causeway practiced knight s4 L20: win 152.8s left 0% taken 249 rt407 mis5 greed11
causeway practiced knight s5 L20: win 119.2s left 0% taken 84 rt405 mis3 greed11
causeway practiced knight s6 L20: death 112.5s left 6% taken 265 rt406 mis2 greed11
causeway practiced warden s1 L20: death 44.4s left 70% taken 265 rt427 mis4 greed4
causeway practiced warden s2 L20: death 152.3s left 12% taken 265 rt406 mis3 greed6
causeway practiced warden s3 L20: win 141.5s left 0% taken 205 rt418 mis3 greed6
causeway practiced warden s4 L20: death 53.2s left 70% taken 265 rt390 mis4 greed5
causeway practiced warden s5 L20: death 56s left 70% taken 265 rt405 mis2 greed5
causeway practiced warden s6 L20: death 138.3s left 1% taken 265 rt414 mis4 greed12
causeway practiced pyro s1 L20: win 113.4s left 0% taken 158 rt416 mis4 greed11
causeway practiced pyro s2 L20: win 116.3s left 0% taken 146 rt402 mis7 greed11
causeway practiced pyro s4 L20: win 125.3s left 0% taken 109 rt401 mis5 greed11
causeway practiced pyro s3 L20: win 122.8s left 0% taken 186 rt411 mis6 greed10
causeway practiced pyro s6 L20: win 134.6s left 0% taken 102 rt401 mis5 greed13
causeway practiced pyro s5 L20: win 115.3s left 0% taken 86 rt417 mis6 greed10

BOSS RATES  profile human  (18 fights, 8 min)
row                 L  practiced kn/wa/py        band
causeway           20  4/6 1/6 6/6 = 61%         HIGH +1
