causeway practiced knight s3 L20: win 126.1s left 0% taken 236 rt402 mis2 greed6
causeway practiced knight s2 L20: win 229.1s left 0% taken 219 rt405 mis6 greed7
causeway practiced knight s1 L20: death 151.6s left 0% taken 265 rt414 mis11 greed7
causeway practiced knight s5 L20: win 132.6s left 0% taken 252 rt412 mis3 greed12
causeway practiced knight s4 L20: win 129.7s left 0% taken 191 rt402 mis4 greed11
causeway practiced warden s2 L20: win 138.1s left 0% taken 208 rt404 mis4 greed11
causeway practiced knight s6 L20: win 145.5s left 0% taken 198 rt406 mis4 greed13
causeway practiced warden s1 L20: win 107.3s left 0% taken 157 rt410 mis5 greed6
causeway practiced warden s5 L20: death 71.7s left 70% taken 265 rt401 mis2 greed6
causeway practiced warden s4 L20: win 130.4s left 0% taken 139 rt401 mis5 greed14
causeway practiced warden s3 L20: win 125.8s left 0% taken 260 rt411 mis7 greed7
causeway practiced warden s6 L20: death 116.1s left 7% taken 265 rt405 mis4 greed15
causeway practiced pyro s2 L20: win 116.1s left 0% taken 98 rt397 mis6 greed10
causeway practiced pyro s1 L20: win 118.8s left 0% taken 164 rt414 mis5 greed10
causeway practiced pyro s3 L20: win 99.6s left 0% taken 211 rt411 mis5 greed8
causeway practiced pyro s5 L20: win 81.6s left 0% taken 104 rt413 mis4 greed10
causeway practiced pyro s4 L20: win 102.8s left 0% taken 122 rt399 mis2 greed13
causeway practiced pyro s6 L20: win 124.3s left 0% taken 123 rt401 mis4 greed9

BOSS RATES  profile human  (18 fights, 4 min)
row                 L  practiced kn/wa/py        band
causeway           20  5/6 4/6 6/6 = 83%         HIGH +23
