causeway practiced knight s3 L20: win 118.2s left 0% taken 126 rt409 mis3 greed12
causeway practiced knight s2 L20: win 144.1s left 0% taken 199 rt411 mis6 greed8
causeway practiced knight s1 L20: win 123.9s left 0% taken 263 rt415 mis12 greed7
causeway practiced knight s5 L20: win 119.2s left 0% taken 84 rt405 mis3 greed11
causeway practiced knight s4 L20: win 168s left 0% taken 118 rt414 mis3 greed10
causeway practiced knight s6 L20: death 121.1s left 4% taken 265 rt412 mis6 greed11
causeway practiced warden s2 L20: death 185s left 2% taken 265 rt404 mis4 greed8
causeway practiced warden s3 L20: win 115.3s left 0% taken 134 rt407 mis1 greed10
causeway practiced warden s1 L20: death 118.7s left 7% taken 265 rt413 mis6 greed11
causeway practiced warden s6 L20: death 167.1s left 0% taken 265 rt407 mis5 greed10
causeway practiced warden s5 L20: death 60.4s left 70% taken 265 rt398 mis3 greed6
causeway practiced warden s4 L20: death 107s left 3% taken 265 rt395 mis6 greed10
causeway practiced pyro s1 L20: win 118.8s left 0% taken 164 rt414 mis5 greed10
causeway practiced pyro s3 L20: win 116.6s left 0% taken 161 rt421 mis9 greed13
causeway practiced pyro s2 L20: win 140.5s left 0% taken 165 rt404 mis7 greed8
causeway practiced pyro s5 L20: win 81.6s left 0% taken 104 rt413 mis4 greed10
causeway practiced pyro s4 L20: win 117.3s left 0% taken 72 rt405 mis4 greed10
causeway practiced pyro s6 L20: win 104.2s left 0% taken 71 rt393 mis7 greed11

BOSS RATES  profile human  (18 fights, 6 min)
row                 L  practiced kn/wa/py        band
causeway           20  5/6 1/6 6/6 = 67%         HIGH +7
