causeway practiced knight s1 L20: death 113.7s left 9% taken 265 rt412 mis9 greed6
causeway practiced knight s2 L20: win 125.8s left 0% taken 157 rt411 mis2 greed6
causeway practiced knight s3 L20: win 165.5s left 0% taken 206 rt408 mis3 greed8
causeway practiced knight s6 L20: death 112.5s left 6% taken 265 rt406 mis2 greed11
causeway practiced knight s4 L20: win 152.8s left 0% taken 243 rt407 mis5 greed11
causeway practiced knight s5 L20: win 119.2s left 0% taken 84 rt405 mis3 greed11
causeway practiced warden s2 L20: death 152.3s left 12% taken 265 rt406 mis3 greed6
causeway practiced warden s3 L20: win 141.7s left 0% taken 158 rt417 mis3 greed6
causeway practiced warden s1 L20: death 56.2s left 70% taken 265 rt424 mis4 greed4
causeway practiced warden s6 L20: death 138.3s left 1% taken 265 rt414 mis4 greed12
causeway practiced warden s5 L20: death 56s left 70% taken 265 rt405 mis2 greed5
causeway practiced warden s4 L20: death 116.4s left 30% taken 265 rt399 mis10 greed9
causeway practiced pyro s3 L20: win 122.8s left 0% taken 177 rt411 mis6 greed10
causeway practiced pyro s1 L20: win 113.4s left 0% taken 154 rt416 mis4 greed11
causeway practiced pyro s2 L20: win 116.3s left 0% taken 142 rt402 mis7 greed11
causeway practiced pyro s5 L20: win 115.3s left 0% taken 86 rt417 mis6 greed10
causeway practiced pyro s4 L20: win 125.3s left 0% taken 109 rt401 mis5 greed11
causeway practiced pyro s6 L20: win 134.6s left 0% taken 102 rt401 mis5 greed13

BOSS RATES  profile human  (18 fights, 3 min)
row                 L  practiced kn/wa/py        band
causeway           20  4/6 1/6 6/6 = 61%         HIGH +1
