 ok  syntax             0ms  0 files parse
 ok  tells            482ms  the mark over every windup on the screen comes from this table (src/marks.js, 551 rows).
 ok  ore-road        3257ms  all ore road checks pass
 ok  ore-ride       55626ms  every line of the ore road carries you across
 ok  comments         206ms  no swallowed code found.
 ok  homepaths        281ms  ok  homepaths     494 source and tool files, none hardcodes a path under a user's home directory.
FAIL dangling-paths   304ms  Node.js v24.19.0
 ok  floaters        4225ms  2720 standing things checked (47 set down a row or more at load; 33 hung ones with no rock over them are left 
 ok  audit           5840ms  == caravan (578x40) clean
 ok  content-audit   7911ms  21 things to look at.
 ok  traps           6913ms  1 trap to fix.
 ok  signs           8114ms  no level says the same sentence on two signs (1 known).
 ok  killzones       4962ms  no reachable tile kills a standing hero.
 ok  collectables    4953ms  every pickup can be picked up from some ground.
 ok  elites          9620ms  40 elites. every elite can be fought and every gate it holds opens onto the route.
 ok  spawns          4440ms  2250 creatures checked against the built levels. none start in the rock or out of the water.
 ok  deadends        6519ms  160 dead ends in 32 levels, and every one pays.
 ok  map-grammar      163ms  The map grammar holds: no retraced road, required nodes resolve forward, the margin and spur bands hold, every
 ok  checkpoints     7803ms  412 checkpoints: none inside an arena's, a mini's or an ambush room's walls, none on a flight (0 inside on pur
 ok  additional-areas   708ms  Both areas have reachable rewards; Burial has its final boss and Harbor retains its guardian; all map nodes me
 ok  additional-areas-runtime 27914ms  Harbor bosses and Buried Dead activate, death opens exits, summons clear, both levels finish and music decodes
 ok  haunted-coast    478ms  Five coastal attack tells, range counters, no mini or gate on the last mile, flooded hold and four Lamplit rop
 ok  haunted-coast-runtime 20034ms  Three new foes, roof chains, flooded hold and a last mile with no mini on it work in game.
 ok  skins          14575ms  ok  roofs          38 houses: every roof picture sits on the slab you stand on.
 ok  threat-holes    3436ms  ok  threat-holes   167 creature kinds placed across 44 levels, every one weighed. Deliberately 0: dummy, folk,
 ok  one-new-foe     3382ms        harbor     shelved on purpose - the only level in LEVELS with no map node.
 ok  witchlight     35784ms  THE WITCHLIGHT STAIR: five places, one verb each, encounters not a sprinkle, its own light - the Hedge Warden 
 ok  dressing       11154ms  no sprinkled decoration within three tiles of a fire on the floor.
 ok  runtime-footing 24969ms  fields wight: fell 80.0px after support loss outside the active range
 ok  readability      255ms  Scenery behind tiles, softened outline-free art, wall-grip feedback, 13 homes and two landmarks.
 ok  buried-dead      259ms  THE GAS: a burning vent scorches him once a lighting (open 3.4 s); a cold vent never; the buried stay down in 
 ok  burial-route  110470ms  burial-route  every hero makes all 7 three-tile jumps over green water on the road, dry; the stone falls, the 
 ok  burial-geometry 21326ms  burial geometry: the gallery drop and the gassed low pass are the ways on, vents are grates, a cold vent hurts
 ok  burial-rework    487ms  the caverns go down: band 11-72, zombies 14, archers 10, skull-throwers 6, spiders 8
 ok  boss-openings  60468ms  {"buried":{"alone":"rest","broke":0,"mode":"stuck","open":3.4},"buriedGas":{"rest":{"mode":"rest","open":0},"c
 ok  arena-supplies  5025ms  ok  arena-supplies  45 boss rooms, 13 height conditions scored against the ground their arenas actually offer;
 ok  undead-foes    25946ms  {"huskCount":5,"husk":{"hp":425,"w":18,"sprite":true,"walked":true,"burst":{"alive":false,"hpLost":27,"venom":
 ok  buried-attacks 56389ms  {"novaClose":{"lost":23,"venom":2.4},"novaFar":{"lost":0,"venom":0},"throw":{"flew":true,"landed":true,"addsBe
 ok  ambush-single  13100ms  25 single-wave rooms: one captain, 2-4 minions, immediate roster, named lock and leader-only clear.
 ok  unburied       18220ms        NOT SEEN HERE: the map spur (Lane B), and the music as heard (its track is asserted above); the look is 
 ok  unburied-fights   473ms  ok  unburied-fights the banner rule, the Barrow Rider, the Death Knight (and the benched Reaper), the bridges 
 ok  boss-fight-end212793ms  Every one of 45 boss and mini fights (32 bosses, 13 minis) ends when its boss dies.
 ok  burial-variety 31298ms  burial variety: two dark places lamp to lamp, two rotten spans that crack, drop, come back and never cut the r
 ok  buried-dead-art   570ms  buried dead art: 18 frames 112x118, every tell its own pose; sheet order (six to a row): DRAG, DRAG 2, SWEEP T
 ok  mini-names     49568ms  every mini has its own name (13 levels): kings=THE GREAT HOUND, hanging=THE WEAVER, spire=THE TEMPLE GUARDIAN,
 ok  ambush-reach    3633ms  25 ambush rooms. every captain can be reached from where the room shuts.
 ok  occluders       3657ms  occluders: 44 levels, 147 rooms; nothing indoors, a tree only in the forest. trunk 4, reeds 2, rock 11, none 1
 ok  swim-shrines    9659ms  swim-shrines: 18 underwater shrines in 4 levels; every one the swum route crosses, it lights (5 not on it).
 ok  ground-depth    5555ms  ground-depth: 44 levels, rock and solid: no seam under any step; a narrow block casts no shadow of its own.
 ok  checkpoint-gaps 24978ms  checkpoint-gaps  32 levels measured along their walked route; the longest run with no checkpoint outside the k
 ok  architecture   16181ms  44 levels, 315 built pieces declared; 2 grandfathered (harbor, waymeet). everything that was built stands on s
 ok  ore-work      190799ms  every goblin at work in the mine is told before it fights
 ok  footing-art    59837ms  footing-art: every floor cell you can stand on is drawn, in 27 levels; painted by their own code: fields (fiel
 ok  mini-walls     78919ms  ok  mini-walls   sexton, gravewarden, hedgewarden, barrowrider: 6 seeded runs each, 30 s chased round the room
 ok  checkpoint-stand  4707ms  ok  checkpoint-stand   412 checkpoints in 44 levels: every one stood at with a real jump (5 columns, not 6; 3 
 ok  uphill         17723ms  uphill: steep 63 up / 101 down, gentle 74 / 101
 ok  desert-ledge-art 18862ms  desert-ledge-art: no ONEWAY/PLANK tile in THE SUNKEN CARAVAN draws the default plank art unless it is real tim
 ok  camera-fill    27371ms  camera-fill: flat-ground footing, the ground fade by depth, and the two boss-plate arenas all hold.
 ok  burial2          413ms  burial2  660 cols (528x74), 7 sections; 5 backdrops, 4 seams pillared; 11 vents, 6 candles, 6 of the dead in a
 ok  burial-vents   40046ms  burial-vents  fire from a candle, a vent lit by a swing and not without fire, no gas while it burns, the dead 
 ok  pixels         57470ms  32 levels, 2636 sprites. nothing in the air, through the ground or out of the water.
 ok  slopes-trace   29589ms  slopes-trace: every frame of every level identical to the pre-slopes build
 ok  textfit       219605ms  0 pictures in <repo>\audits\readability\textfit
