{"seed":1,"h":"knight","won":true,"out":"win","secs":102.6,"left":0,"opened":{"scorched":4,"stuck":1},"perMin":192,"swings":255,"hitBy":{"walk":31,"skullTell":19,"rest":130,"slamTell":7,"throwTell":7,"novaTell":46,"sinkTell":12,"eruptTell":14,"bodyFly":37,"clawTell":26}}
{"seed":1,"h":"warden","won":true,"out":"win","secs":145.1,"left":0,"opened":{"scorched":3,"stuck":1},"perMin":209,"swings":338,"hitBy":{"wake":12,"walk":14,"skullTell":19,"rest":141,"novaTell":40,"eruptTell":19,"clawTell":26,"cleaveTell":26,"burrow":12}}
{"seed":1,"h":"pyro","won":true,"out":"win","secs":144.9,"left":0,"opened":{"scorched":4,"stuck":1},"perMin":191,"swings":359,"hitBy":{"wake":12,"walk":21,"skullTell":19,"rest":161,"novaTell":17,"cleaveTell":12,"sinkTell":7,"burrow":12,"eruptTell":7,"slamTell":31,"clawTell":26}}
{"seed":1,"h":"paladin","won":true,"out":"win","secs":127.8,"left":0,"opened":{"scorched":5,"stuck":1},"perMin":211,"swings":161,"hitBy":{"wake":12,"walk":33,"skullTell":19,"rest":151,"throwTell":7,"novaTell":69,"burrow":12,"eruptTell":7,"callTell":19,"clawTell":26,"bodyFly":37}}
{"seed":1,"h":"pirate","won":true,"out":"win","secs":104.8,"left":0,"opened":{"scorched":4,"stuck":1},"perMin":232,"swings":190,"hitBy":{"wake":12,"walk":33,"skullTell":14,"rest":135,"cleaveTell":12,"sinkTell":7,"novaTell":40,"rally":14,"clawTell":26}}
{"seed":1,"h":"reaper","won":true,"out":"win","secs":122.8,"left":0,"opened":{"scorched":4,"stuck":1},"perMin":212,"swings":99,"hitBy":{"wake":12,"walk":42,"skullTell":14,"rest":167,"slamTell":21,"throwTell":5,"novaTell":51,"clawTell":60,"cleaveTell":18,"sinkTell":9,"burrow":9,"eruptTell":7,"stuck":5,"rally":14}}
{"seed":1,"h":"geomancer","won":true,"out":"win","secs":87.5,"left":0,"opened":{"scorched":3},"perMin":166,"swings":111,"hitBy":{"wake":12,"walk":21,"skullTell":19,"rest":102,"slamTell":7,"novaTell":23,"bodyFly":28}}
{"seed":2,"h":"knight","won":true,"out":"win","secs":102.6,"left":0,"opened":{"scorched":4,"stuck":1},"perMin":192,"swings":255,"hitBy":{"walk":31,"skullTell":19,"rest":130,"slamTell":7,"throwTell":7,"novaTell":46,"sinkTell":12,"eruptTell":14,"bodyFly":37,"clawTell":26}}
{"seed":2,"h":"warden","won":true,"out":"win","secs":145.1,"left":0,"opened":{"scorched":3,"stuck":1},"perMin":209,"swings":338,"hitBy":{"wake":12,"walk":14,"skullTell":19,"rest":141,"novaTell":40,"eruptTell":19,"clawTell":26,"cleaveTell":26,"burrow":12}}
{"seed":2,"h":"pyro","won":true,"out":"win","secs":144.9,"left":0,"opened":{"scorched":4,"stuck":1},"perMin":191,"swings":359,"hitBy":{"wake":12,"walk":21,"skullTell":19,"rest":161,"novaTell":17,"cleaveTell":12,"sinkTell":7,"burrow":12,"eruptTell":7,"slamTell":31,"clawTell":26}}
{"seed":2,"h":"paladin","won":true,"out":"win","secs":127.8,"left":0,"opened":{"scorched":5,"stuck":1},"perMin":211,"swings":161,"hitBy":{"wake":12,"walk":33,"skullTell":19,"rest":151,"throwTell":7,"novaTell":69,"burrow":12,"eruptTell":7,"callTell":19,"clawTell":26,"bodyFly":37}}
{"seed":2,"h":"pirate","won":true,"out":"win","secs":104.8,"left":0,"opened":{"scorched":4,"stuck":1},"perMin":232,"swings":190,"hitBy":{"wake":12,"walk":33,"skullTell":14,"rest":135,"cleaveTell":12,"sinkTell":7,"novaTell":40,"rally":14,"clawTell":26}}
{"seed":2,"h":"reaper","won":true,"out":"win","secs":122.8,"left":0,"opened":{"scorched":4,"stuck":1},"perMin":212,"swings":99,"hitBy":{"wake":12,"walk":42,"skullTell":14,"rest":167,"slamTell":21,"throwTell":5,"novaTell":51,"clawTell":60,"cleaveTell":18,"sinkTell":9,"burrow":9,"eruptTell":7,"stuck":5,"rally":14}}
{"seed":2,"h":"geomancer","won":true,"out":"win","secs":87.5,"left":0,"opened":{"scorched":3},"perMin":166,"swings":111,"hitBy":{"wake":12,"walk":21,"skullTell":19,"rest":102,"slamTell":7,"novaTell":23,"bodyFly":28}}
{"seed":3,"h":"knight","won":true,"out":"win","secs":102.6,"left":0,"opened":{"scorched":4,"stuck":1},"perMin":192,"swings":255,"hitBy":{"walk":31,"skullTell":19,"rest":130,"slamTell":7,"throwTell":7,"novaTell":46,"sinkTell":12,"eruptTell":14,"bodyFly":37,"clawTell":26}}
{"seed":3,"h":"warden","won":true,"out":"win","secs":145.1,"left":0,"opened":{"scorched":3,"stuck":1},"perMin":209,"swings":338,"hitBy":{"wake":12,"walk":14,"skullTell":19,"rest":141,"novaTell":40,"eruptTell":19,"clawTell":26,"cleaveTell":26,"burrow":12}}
{"seed":3,"h":"pyro","won":true,"out":"win","secs":144.9,"left":0,"opened":{"scorched":4,"stuck":1},"perMin":191,"swings":359,"hitBy":{"wake":12,"walk":21,"skullTell":19,"rest":161,"novaTell":17,"cleaveTell":12,"sinkTell":7,"burrow":12,"eruptTell":7,"slamTell":31,"clawTell":26}}
{"seed":3,"h":"paladin","won":true,"out":"win","secs":127.8,"left":0,"opened":{"scorched":5,"stuck":1},"perMin":211,"swings":161,"hitBy":{"wake":12,"walk":33,"skullTell":19,"rest":151,"throwTell":7,"novaTell":69,"burrow":12,"eruptTell":7,"callTell":19,"clawTell":26,"bodyFly":37}}
{"seed":3,"h":"pirate","won":true,"out":"win","secs":104.8,"left":0,"opened":{"scorched":4,"stuck":1},"perMin":232,"swings":190,"hitBy":{"wake":12,"walk":33,"skullTell":14,"rest":135,"cleaveTell":12,"sinkTell":7,"novaTell":40,"rally":14,"clawTell":26}}
{"seed":3,"h":"reaper","won":true,"out":"win","secs":122.8,"left":0,"opened":{"scorched":4,"stuck":1},"perMin":212,"swings":99,"hitBy":{"wake":12,"walk":42,"skullTell":14,"rest":167,"slamTell":21,"throwTell":5,"novaTell":51,"clawTell":60,"cleaveTell":18,"sinkTell":9,"burrow":9,"eruptTell":7,"stuck":5,"rally":14}}
{"seed":3,"h":"geomancer","won":true,"out":"win","secs":87.5,"left":0,"opened":{"scorched":3},"perMin":166,"swings":111,"hitBy":{"wake":12,"walk":21,"skullTell":19,"rest":102,"slamTell":7,"novaTell":23,"bodyFly":28}}
THE BURIED DEAD: fights 21, kills in 150 s 21 (100%), median kill 122.8 s, opened {"scorched":81,"stuck":18}
by hero knight 3/3 (192 hp/min), warden 3/3 (209 hp/min), pyro 3/3 (191 hp/min), paladin 3/3 (211 hp/min), pirate 3/3 (232 hp/min), reaper 3/3 (212 hp/min), geomancer 3/3 (166 hp/min)
damage by his mode: {"rest":2961,"novaTell":858,"walk":585,"clawTell":570,"skullTell":369,"bodyFly":306,"wake":216,"cleaveTell":204,"slamTell":198,"eruptTell":162,"burrow":135,"sinkTell":105,"rally":84,"throwTell":57,"callTell":57,"stuck":15}
errors []
