wood berserker: {"outcome":"win","secs":96.7,"bossLeft":0,"taken":24,"endHp":83,"opened":4,"swings":488}
wood knight: {"outcome":"death","secs":92.8,"bossLeft":4,"taken":102,"endHp":0,"opened":3,"swings":505}
wood warden: {"outcome":"death","secs":68.7,"bossLeft":76,"taken":102,"endHp":0,"opened":2,"swings":500}
wood pyro: {"outcome":"death","secs":34,"bossLeft":96,"taken":90,"endHp":0,"opened":0,"swings":213}
marsh berserker: {"outcome":"death","secs":38.7,"bossLeft":20,"taken":107,"endHp":0,"opened":5,"swings":249}
marsh knight: {"outcome":"death","secs":28.9,"bossLeft":83,"taken":102,"endHp":0,"opened":4,"swings":165}
marsh warden: {"outcome":"death","secs":30.7,"bossLeft":27,"taken":102,"endHp":0,"opened":4,"swings":347}
marsh pyro: {"outcome":"death","secs":33.5,"bossLeft":35,"taken":90,"endHp":0,"opened":4,"swings":244}
stockade berserker: {"outcome":"death","secs":26.7,"bossLeft":89,"taken":109,"endHp":0,"opened":2,"swings":173}
stockade knight: {"outcome":"death","secs":32.1,"bossLeft":82,"taken":104,"endHp":0,"opened":2,"swings":318}
stockade warden: {"outcome":"death","secs":44.1,"bossLeft":61,"taken":104,"endHp":0,"opened":4,"swings":158}
stockade pyro: {"outcome":"death","secs":59.3,"bossLeft":42,"taken":92,"endHp":0,"opened":6,"swings":340}
hurricane berserker: {"outcome":"death","secs":33.5,"bossLeft":75,"taken":135,"endHp":0,"opened":2,"swings":165}
hurricane knight: {"outcome":"death","secs":33.6,"bossLeft":52,"taken":130,"endHp":0,"opened":2,"swings":254}
hurricane warden: {"outcome":"death","secs":40,"bossLeft":93,"taken":130,"endHp":0,"opened":1,"swings":396}
hurricane pyro: {"outcome":"death","secs":47.5,"bossLeft":21,"taken":118,"endHp":0,"opened":2,"swings":276}
unburied berserker: {"outcome":"win","secs":156.2,"bossLeft":0,"taken":65,"endHp":100,"opened":15,"swings":743}
unburied knight: {"outcome":"timeout","secs":180,"bossLeft":4,"taken":124,"endHp":48,"opened":13,"swings":1128}
unburied warden: {"outcome":"death","secs":54.1,"bossLeft":91,"taken":154,"endHp":0,"opened":1,"swings":274}
unburied pyro: {"outcome":"win","secs":154.3,"bossLeft":0,"taken":121,"endHp":24,"opened":12,"swings":973}
lamplit berserker: {"outcome":"win","secs":44.9,"bossLeft":0,"taken":68,"endHp":72,"opened":5,"swings":294}
lamplit knight: {"outcome":"win","secs":28.5,"bossLeft":0,"taken":102,"endHp":30,"opened":3,"swings":230}
lamplit warden: {"outcome":"win","secs":80.6,"bossLeft":0,"taken":119,"endHp":13,"opened":8,"swings":455}
lamplit pyro: {"outcome":"win","secs":42.7,"bossLeft":0,"taken":111,"endHp":9,"opened":5,"swings":314}
harbor berserker: {"outcome":"death","secs":72.5,"bossLeft":39,"taken":145,"endHp":0,"opened":0,"swings":551}
harbor knight: {"outcome":"death","secs":75.7,"bossLeft":18,"taken":140,"endHp":0,"opened":0,"swings":860}
harbor warden: {"outcome":"timeout","secs":180,"bossLeft":56,"taken":118,"endHp":22,"opened":0,"swings":397}
harbor pyro: {"outcome":"death","secs":103.7,"bossLeft":35,"taken":128,"endHp":0,"opened":0,"swings":799}
moor berserker: {"outcome":"death","secs":95.4,"bossLeft":86,"taken":121,"endHp":0,"opened":0,"swings":388}
moor knight: {"outcome":"death","secs":101,"bossLeft":68,"taken":116,"endHp":0,"opened":2,"swings":320}
moor warden: {"outcome":"death","secs":100.8,"bossLeft":86,"taken":116,"endHp":0,"opened":2,"swings":401}
moor pyro: {"outcome":"death","secs":110.2,"bossLeft":55,"taken":104,"endHp":0,"opened":3,"swings":360}
spire berserker: {"outcome":"death","secs":49.3,"bossLeft":30,"taken":131,"endHp":0,"opened":4,"swings":334}
spire knight: {"outcome":"death","secs":70.5,"bossLeft":28,"taken":120,"endHp":0,"opened":7,"swings":446}
spire warden: {"outcome":"death","secs":47.4,"bossLeft":67,"taken":120,"endHp":0,"opened":2,"swings":343}
spire pyro: {"outcome":"win","secs":72.4,"bossLeft":0,"taken":68,"endHp":46,"opened":4,"swings":327}
fair berserker: {"outcome":"death","secs":85.5,"bossLeft":45,"taken":151,"endHp":0,"opened":0,"swings":382}
fair knight: {"outcome":"death","secs":107.2,"bossLeft":51,"taken":146,"endHp":0,"opened":0,"swings":370}
fair warden: {"outcome":"death","secs":130.4,"bossLeft":49,"taken":146,"endHp":0,"opened":0,"swings":383}
fair pyro: {"outcome":"death","secs":153.1,"bossLeft":25,"taken":148,"endHp":0,"opened":0,"swings":504}
burning berserker: {"outcome":"win","secs":109.5,"bossLeft":0,"taken":74,"endHp":37,"opened":5,"swings":196}
burning knight: {"outcome":"death","secs":106.3,"bossLeft":17,"taken":106,"endHp":0,"opened":5,"swings":299}
burning warden: {"outcome":"death","secs":63.1,"bossLeft":41,"taken":106,"endHp":0,"opened":3,"swings":295}
burning pyro: {"outcome":"death","secs":79.4,"bossLeft":60,"taken":94,"endHp":0,"opened":2,"swings":127}
longwater berserker: {"outcome":"death","secs":71.4,"bossLeft":58,"taken":129,"endHp":0,"opened":4,"swings":327}
longwater knight: {"outcome":"death","secs":59,"bossLeft":33,"taken":124,"endHp":0,"opened":4,"swings":286}
longwater warden: {"outcome":"death","secs":38.1,"bossLeft":86,"taken":124,"endHp":0,"opened":2,"swings":222}
longwater pyro: {"outcome":"death","secs":69.8,"bossLeft":60,"taken":112,"endHp":0,"opened":4,"swings":349}
wood 1/4  marsh 0/4  stockade 0/4  hurricane 0/4  unburied 2/4  lamplit 4/4  harbor 0/4  moor 0/4  spire 1/4  fair 0/4  burning 1/4  longwater 0/4
